// Jest Snapshot v1, https://goo.gl/fbAQLP

exports[`MessageImage should  render <MessageImage /> and compare with snapshot 1`] = `
<SafeAreaView
  style={
    Array [
      Object {},
      undefined,
    ]
  }
>
  <SafeAreaView
    onLayout={[Function]}
  >
    <SafeAreaView
      style={
        Object {
          "opacity": 1,
        }
      }
    >
      <SafeAreaView
        accessible={true}
        focusable={true}
        onClick={[Function]}
        onResponderGrant={[Function]}
        onResponderMove={[Function]}
        onResponderRelease={[Function]}
        onResponderTerminate={[Function]}
        onResponderTerminationRequest={[Function]}
        onStartShouldSetResponder={[Function]}
      >
        <Image
          source={
            Object {
              "uri": "url://to/image.png",
            }
          }
          style={
            Array [
              Object {
                "borderRadius": 13,
                "height": 100,
                "margin": 3,
                "resizeMode": "cover",
                "width": 150,
              },
              undefined,
            ]
          }
        />
      </SafeAreaView>
    </SafeAreaView>
    <Modal
      hardwareAccelerated={false}
      onRequestClose={[Function]}
      transparent={true}
      visible={false}
    >
      <SafeAreaView
        style={
          Object {
            "backgroundColor": "black",
            "height": 1334,
            "left": 0,
            "opacity": 0,
            "position": "absolute",
            "top": 0,
            "width": 750,
          }
        }
      />
      <SafeAreaView
        style={
          Object {
            "backgroundColor": "transparent",
            "flex": 1,
            "height": 0,
            "justifyContent": "center",
            "left": 0,
            "position": "absolute",
            "top": 0,
            "width": 0,
          }
        }
      >
        <Image
          source={
            Object {
              "uri": "url://to/image.png",
            }
          }
          style={
            Object {
              "flex": 1,
              "resizeMode": "contain",
            }
          }
        />
      </SafeAreaView>
      <SafeAreaView
        style={
          Object {
            "backgroundColor": "transparent",
            "left": 0,
            "opacity": 0,
            "position": "absolute",
            "top": 0,
            "width": 750,
          }
        }
      >
        <SafeAreaView
          accessible={true}
          focusable={true}
          onClick={[Function]}
          onResponderGrant={[Function]}
          onResponderMove={[Function]}
          onResponderRelease={[Function]}
          onResponderTerminate={[Function]}
          onResponderTerminationRequest={[Function]}
          onStartShouldSetResponder={[Function]}
          style={
            Object {
              "opacity": 1,
            }
          }
        >
          <Text
            style={
              Object {
                "color": "white",
                "fontSize": 35,
                "lineHeight": 60,
                "shadowColor": "black",
                "shadowOffset": Object {
                  "height": 0,
                  "width": 0,
                },
                "shadowOpacity": 0.8,
                "shadowRadius": 1.5,
                "textAlign": "center",
                "width": 70,
              }
            }
          >
            Ã—
          </Text>
        </SafeAreaView>
      </SafeAreaView>
    </Modal>
  </SafeAreaView>
</SafeAreaView>
`;

exports[`MessageImage should not render <MessageImage /> and compare with snapshot 1`] = `null`;
