// Jest Snapshot v1, https://goo.gl/fbAQLP

exports[`MessageTextContainer should render message text container 1`] = `
<SafeAreaView
  style={
    Array [
      Object {
        "maxWidth": 250,
        "paddingHorizontal": 16,
      },
      Object {},
      undefined,
    ]
  }
  testID="message-text-container"
>
  <SafeAreaView
    style={
      Array [
        Object {
          "alignSelf": "stretch",
        },
        undefined,
      ]
    }
  >
    <Text
      style={
        Object {
          "alignItems": "flex-start",
          "flexDirection": "row",
          "flexWrap": "wrap",
          "justifyContent": "flex-start",
          "marginBottom": 8,
          "marginTop": 8,
        }
      }
    >
      <Text
        style={
          Object {
            "color": "#000000",
          }
        }
      >
        Hello World
      </Text>
    </Text>
  </SafeAreaView>
</SafeAreaView>
`;
